This is pdfTeX, Version 3.14159265-2.6-1.40.21 (TeX Live 2020) (preloaded format=pdflatex 2020.10.17)  28 JUN 2021 17:19
entering extended mode
 restricted \write18 enabled.
 %&-line parsing enabled.
**_main.tex
(./_main.tex
LaTeX2e <2020-10-01> patch level 1
L3 programming layer <2020-10-05> xparse <2020-03-03> (/Users/mariagallegos/Lib
rary/TinyTeX/texmf-dist/tex/latex/base/book.cls
Document Class: book 2020/04/10 v1.4m Standard LaTeX document class
(/Users/mariagallegos/Library/TinyTeX/texmf-dist/tex/latex/base/bk10.clo
File: bk10.clo 2020/04/10 v1.4m Standard LaTeX file (size option)
)
\c@part=\count175
\c@chapter=\count176
\c@section=\count177
\c@subsection=\count178
\c@subsubsection=\count179
\c@paragraph=\count180
\c@subparagraph=\count181
\c@figure=\count182
\c@table=\count183
\abovecaptionskip=\skip47
\belowcaptionskip=\skip48
\bibindent=\dimen138
) (/Users/mariagallegos/Library/TinyTeX/texmf-dist/tex/latex/amsmath/amsmath.st
y
Package: amsmath 2020/09/23 v2.17i AMS math features
\@mathmargin=\skip49
For additional information on amsmath, use the `?' option.
(/Users/mariagallegos/Library/TinyTeX/texmf-dist/tex/latex/amsmath/amstext.sty
Package: amstext 2000/06/29 v2.01 AMS text
(/Users/mariagallegos/Library/TinyTeX/texmf-dist/tex/latex/amsmath/amsgen.sty
File: amsgen.sty 1999/11/30 v2.0 generic functions
\@emptytoks=\toks15
\ex@=\dimen139
)) (/Users/mariagallegos/Library/TinyTeX/texmf-dist/tex/latex/amsmath/amsbsy.st
y
Package: amsbsy 1999/11/29 v1.2d Bold Symbols
\pmbraise@=\dimen140
) (/Users/mariagallegos/Library/TinyTeX/texmf-dist/tex/latex/amsmath/amsopn.sty
Package: amsopn 2016/03/08 v2.02 operator names
)
\inf@bad=\count184
LaTeX Info: Redefining \frac on input line 234.
\uproot@=\count185
\leftroot@=\count186
LaTeX Info: Redefining \overline on input line 399.
\classnum@=\count187
\DOTSCASE@=\count188
LaTeX Info: Redefining \ldots on input line 496.
LaTeX Info: Redefining \dots on input line 499.
LaTeX Info: Redefining \cdots on input line 620.
\Mathstrutbox@=\box47
\strutbox@=\box48
\big@size=\dimen141
LaTeX Font Info:    Redeclaring font encoding OML on input line 743.
LaTeX Font Info:    Redeclaring font encoding OMS on input line 744.
\macc@depth=\count189
\c@MaxMatrixCols=\count190
\dotsspace@=\muskip16
\c@parentequation=\count191
\dspbrk@lvl=\count192
\tag@help=\toks16
\row@=\count193
\column@=\count194
\maxfields@=\count195
\andhelp@=\toks17
\eqnshift@=\dimen142
\alignsep@=\dimen143
\tagshift@=\dimen144
\tagwidth@=\dimen145
\totwidth@=\dimen146
\lineht@=\dimen147
\@envbody=\toks18
\multlinegap=\skip50
\multlinetaggap=\skip51
\mathdisplay@stack=\toks19
LaTeX Info: Redefining \[ on input line 2923.
LaTeX Info: Redefining \] on input line 2924.
)
(/Users/mariagallegos/Library/TinyTeX/texmf-dist/tex/latex/amsfonts/amssymb.sty
Package: amssymb 2013/01/14 v3.01 AMS font symbols

(/Users/mariagallegos/Library/TinyTeX/texmf-dist/tex/latex/amsfonts/amsfonts.st
y
Package: amsfonts 2013/01/14 v3.01 Basic AMSFonts support
\symAMSa=\mathgroup4
\symAMSb=\mathgroup5
LaTeX Font Info:    Redeclaring math symbol \hbar on input line 98.
LaTeX Font Info:    Overwriting math alphabet `\mathfrak' in version `bold'
(Font)                  U/euf/m/n --> U/euf/b/n on input line 106.
)) (/Users/mariagallegos/Library/TinyTeX/texmf-dist/tex/latex/lm/lmodern.sty
Package: lmodern 2009/10/30 v1.6 Latin Modern Fonts
LaTeX Font Info:    Overwriting symbol font `operators' in version `normal'
(Font)                  OT1/cmr/m/n --> OT1/lmr/m/n on input line 22.
LaTeX Font Info:    Overwriting symbol font `letters' in version `normal'
(Font)                  OML/cmm/m/it --> OML/lmm/m/it on input line 23.
LaTeX Font Info:    Overwriting symbol font `symbols' in version `normal'
(Font)                  OMS/cmsy/m/n --> OMS/lmsy/m/n on input line 24.
LaTeX Font Info:    Overwriting symbol font `largesymbols' in version `normal'
(Font)                  OMX/cmex/m/n --> OMX/lmex/m/n on input line 25.
LaTeX Font Info:    Overwriting symbol font `operators' in version `bold'
(Font)                  OT1/cmr/bx/n --> OT1/lmr/bx/n on input line 26.
LaTeX Font Info:    Overwriting symbol font `letters' in version `bold'
(Font)                  OML/cmm/b/it --> OML/lmm/b/it on input line 27.
LaTeX Font Info:    Overwriting symbol font `symbols' in version `bold'
(Font)                  OMS/cmsy/b/n --> OMS/lmsy/b/n on input line 28.
LaTeX Font Info:    Overwriting symbol font `largesymbols' in version `bold'
(Font)                  OMX/cmex/m/n --> OMX/lmex/m/n on input line 29.
LaTeX Font Info:    Overwriting math alphabet `\mathbf' in version `normal'
(Font)                  OT1/cmr/bx/n --> OT1/lmr/bx/n on input line 31.
LaTeX Font Info:    Overwriting math alphabet `\mathsf' in version `normal'
(Font)                  OT1/cmss/m/n --> OT1/lmss/m/n on input line 32.
LaTeX Font Info:    Overwriting math alphabet `\mathit' in version `normal'
(Font)                  OT1/cmr/m/it --> OT1/lmr/m/it on input line 33.
LaTeX Font Info:    Overwriting math alphabet `\mathtt' in version `normal'
(Font)                  OT1/cmtt/m/n --> OT1/lmtt/m/n on input line 34.
LaTeX Font Info:    Overwriting math alphabet `\mathbf' in version `bold'
(Font)                  OT1/cmr/bx/n --> OT1/lmr/bx/n on input line 35.
LaTeX Font Info:    Overwriting math alphabet `\mathsf' in version `bold'
(Font)                  OT1/cmss/bx/n --> OT1/lmss/bx/n on input line 36.
LaTeX Font Info:    Overwriting math alphabet `\mathit' in version `bold'
(Font)                  OT1/cmr/bx/it --> OT1/lmr/bx/it on input line 37.
LaTeX Font Info:    Overwriting math alphabet `\mathtt' in version `bold'
(Font)                  OT1/cmtt/m/n --> OT1/lmtt/m/n on input line 38.
) (/Users/mariagallegos/Library/TinyTeX/texmf-dist/tex/generic/iftex/iftex.sty
Package: iftex 2020/03/06 v1.0d TeX engine tests
) (/Users/mariagallegos/Library/TinyTeX/texmf-dist/tex/latex/base/fontenc.sty
Package: fontenc 2020/08/10 v2.0s Standard LaTeX package
LaTeX Font Info:    Trying to load font information for T1+lmr on input line 11
2.
(/Users/mariagallegos/Library/TinyTeX/texmf-dist/tex/latex/lm/t1lmr.fd
File: t1lmr.fd 2009/10/30 v1.6 Font defs for Latin Modern
)) (/Users/mariagallegos/Library/TinyTeX/texmf-dist/tex/latex/base/inputenc.sty
Package: inputenc 2020/08/01 v1.3d Input encoding file
\inpenc@prehook=\toks20
\inpenc@posthook=\toks21
) (/Users/mariagallegos/Library/TinyTeX/texmf-dist/tex/latex/base/textcomp.sty
Package: textcomp 2020/02/02 v2.0n Standard LaTeX package
) (/Users/mariagallegos/Library/TinyTeX/texmf-dist/tex/latex/xcolor/xcolor.sty
Package: xcolor 2016/05/11 v2.12 LaTeX color extensions (UK)

(/Users/mariagallegos/Library/TinyTeX/texmf-dist/tex/latex/graphics-cfg/color.c
fg
File: color.cfg 2016/01/02 v1.6 sample color configuration
)
Package xcolor Info: Driver file: pdftex.def on input line 225.

(/Users/mariagallegos/Library/TinyTeX/texmf-dist/tex/latex/graphics-def/pdftex.
def
File: pdftex.def 2020/10/05 v1.2a Graphics/color driver for pdftex
)
Package xcolor Info: Model `cmy' substituted by `cmy0' on input line 1348.
Package xcolor Info: Model `hsb' substituted by `rgb' on input line 1352.
Package xcolor Info: Model `RGB' extended on input line 1364.
Package xcolor Info: Model `HTML' substituted by `rgb' on input line 1366.
Package xcolor Info: Model `Hsb' substituted by `hsb' on input line 1367.
Package xcolor Info: Model `tHsb' substituted by `hsb' on input line 1368.
Package xcolor Info: Model `HSB' substituted by `hsb' on input line 1369.
Package xcolor Info: Model `Gray' substituted by `gray' on input line 1370.
Package xcolor Info: Model `wave' substituted by `hsb' on input line 1371.
)
(/Users/mariagallegos/Library/TinyTeX/texmf-dist/tex/latex/hyperref/hyperref.st
y
Package: hyperref 2020-05-15 v7.00e Hypertext links for LaTeX

(/Users/mariagallegos/Library/TinyTeX/texmf-dist/tex/generic/ltxcmds/ltxcmds.st
y
Package: ltxcmds 2020-05-10 v1.25 LaTeX kernel commands for general use (HO)
)
(/Users/mariagallegos/Library/TinyTeX/texmf-dist/tex/generic/pdftexcmds/pdftexc
mds.sty
Package: pdftexcmds 2020-06-27 v0.33 Utility functions of pdfTeX for LuaTeX (HO
)

(/Users/mariagallegos/Library/TinyTeX/texmf-dist/tex/generic/infwarerr/infwarer
r.sty
Package: infwarerr 2019/12/03 v1.5 Providing info/warning/error messages (HO)
)
Package pdftexcmds Info: \pdf@primitive is available.
Package pdftexcmds Info: \pdf@ifprimitive is available.
Package pdftexcmds Info: \pdfdraftmode found.
) (/Users/mariagallegos/Library/TinyTeX/texmf-dist/tex/latex/graphics/keyval.st
y
Package: keyval 2014/10/28 v1.15 key=value parser (DPC)
\KV@toks@=\toks22
)
(/Users/mariagallegos/Library/TinyTeX/texmf-dist/tex/generic/kvsetkeys/kvsetkey
s.sty
Package: kvsetkeys 2019/12/15 v1.18 Key value parser (HO)
)
(/Users/mariagallegos/Library/TinyTeX/texmf-dist/tex/generic/kvdefinekeys/kvdef
inekeys.sty
Package: kvdefinekeys 2019-12-19 v1.6 Define keys (HO)
)
(/Users/mariagallegos/Library/TinyTeX/texmf-dist/tex/generic/pdfescape/pdfescap
e.sty
Package: pdfescape 2019/12/09 v1.15 Implements pdfTeX's escape features (HO)
) (/Users/mariagallegos/Library/TinyTeX/texmf-dist/tex/latex/hycolor/hycolor.st
y
Package: hycolor 2020-01-27 v1.10 Color options for hyperref/bookmark (HO)
)
(/Users/mariagallegos/Library/TinyTeX/texmf-dist/tex/latex/letltxmacro/letltxma
cro.sty
Package: letltxmacro 2019/12/03 v1.6 Let assignment for LaTeX macros (HO)
) (/Users/mariagallegos/Library/TinyTeX/texmf-dist/tex/latex/auxhook/auxhook.st
y
Package: auxhook 2019-12-17 v1.6 Hooks for auxiliary files (HO)
)
(/Users/mariagallegos/Library/TinyTeX/texmf-dist/tex/latex/kvoptions/kvoptions.
sty
Package: kvoptions 2020-10-07 v3.14 Key value format for package options (HO)
)
\@linkdim=\dimen148
\Hy@linkcounter=\count196
\Hy@pagecounter=\count197
(/Users/mariagallegos/Library/TinyTeX/texmf-dist/tex/latex/hyperref/pd1enc.def
File: pd1enc.def 2020-05-15 v7.00e Hyperref: PDFDocEncoding definition (HO)
Now handling font encoding PD1 ...
... no UTF-8 mapping file for font encoding PD1
)
(/Users/mariagallegos/Library/TinyTeX/texmf-dist/tex/generic/intcalc/intcalc.st
y
Package: intcalc 2019/12/15 v1.3 Expandable calculations with integers (HO)
)
(/Users/mariagallegos/Library/TinyTeX/texmf-dist/tex/generic/etexcmds/etexcmds.
sty
Package: etexcmds 2019/12/15 v1.7 Avoid name clashes with e-TeX commands (HO)
)
\Hy@SavedSpaceFactor=\count198
Package hyperref Info: Option `unicode' set `true' on input line 4338.
(/Users/mariagallegos/Library/TinyTeX/texmf-dist/tex/latex/hyperref/puenc.def
File: puenc.def 2020-05-15 v7.00e Hyperref: PDF Unicode definition (HO)
Now handling font encoding PU ...
... no UTF-8 mapping file for font encoding PU
)
Package hyperref Info: Hyper figures OFF on input line 4464.
Package hyperref Info: Link nesting OFF on input line 4469.
Package hyperref Info: Hyper index ON on input line 4472.
Package hyperref Info: Plain pages OFF on input line 4479.
Package hyperref Info: Backreferencing OFF on input line 4484.
Package hyperref Info: Implicit mode ON; LaTeX internals redefined.
Package hyperref Info: Bookmarks ON on input line 4717.
\c@Hy@tempcnt=\count199
(/Users/mariagallegos/Library/TinyTeX/texmf-dist/tex/latex/url/url.sty
\Urlmuskip=\muskip17
Package: url 2013/09/16  ver 3.4  Verb mode for urls, etc.
)
LaTeX Info: Redefining \url on input line 5076.
\XeTeXLinkMargin=\dimen149
(/Users/mariagallegos/Library/TinyTeX/texmf-dist/tex/generic/bitset/bitset.sty
Package: bitset 2019/12/09 v1.3 Handle bit-vector datatype (HO)

(/Users/mariagallegos/Library/TinyTeX/texmf-dist/tex/generic/bigintcalc/bigintc
alc.sty
Package: bigintcalc 2019/12/15 v1.5 Expandable calculations on big integers (HO
)
))
\Fld@menulength=\count266
\Field@Width=\dimen150
\Fld@charsize=\dimen151
Package hyperref Info: Hyper figures OFF on input line 6347.
Package hyperref Info: Link nesting OFF on input line 6352.
Package hyperref Info: Hyper index ON on input line 6355.
Package hyperref Info: backreferencing OFF on input line 6362.
Package hyperref Info: Link coloring OFF on input line 6367.
Package hyperref Info: Link coloring with OCG OFF on input line 6372.
Package hyperref Info: PDF/A mode OFF on input line 6377.
LaTeX Info: Redefining \ref on input line 6417.
LaTeX Info: Redefining \pageref on input line 6421.

(/Users/mariagallegos/Library/TinyTeX/texmf-dist/tex/latex/base/atbegshi-ltx.st
y
Package: atbegshi-ltx 2020/08/17 v1.0a Emulation of the original atbegshi packa
ge
with kernel methods
)
\Hy@abspage=\count267
\c@Item=\count268
\c@Hfootnote=\count269
)
Package hyperref Info: Driver (autodetected): hpdftex.

(/Users/mariagallegos/Library/TinyTeX/texmf-dist/tex/latex/hyperref/hpdftex.def
File: hpdftex.def 2020-05-15 v7.00e Hyperref driver for pdfTeX

(/Users/mariagallegos/Library/TinyTeX/texmf-dist/tex/latex/base/atveryend-ltx.s
ty
Package: atveryend-ltx 2020/08/19 v1.0a Emulation of the original atvery packag
e
with kernel methods
)
\Fld@listcount=\count270
\c@bookmark@seq@number=\count271

(/Users/mariagallegos/Library/TinyTeX/texmf-dist/tex/latex/rerunfilecheck/rerun
filecheck.sty
Package: rerunfilecheck 2019/12/05 v1.9 Rerun checks for auxiliary files (HO)

(/Users/mariagallegos/Library/TinyTeX/texmf-dist/tex/generic/uniquecounter/uniq
uecounter.sty
Package: uniquecounter 2019/12/15 v1.4 Provide unlimited unique counter (HO)
)
Package uniquecounter Info: New unique counter `rerunfilecheck' on input line 2
86.
)
\Hy@SectionHShift=\skip52
) (/Users/mariagallegos/Library/TinyTeX/texmf-dist/tex/latex/tools/longtable.st
y
Package: longtable 2020/01/07 v4.13 Multi-page Table package (DPC)
\LTleft=\skip53
\LTright=\skip54
\LTpre=\skip55
\LTpost=\skip56
\LTchunksize=\count272
\LTcapwidth=\dimen152
\LT@head=\box49
\LT@firsthead=\box50
\LT@foot=\box51
\LT@lastfoot=\box52
\LT@cols=\count273
\LT@rows=\count274
\c@LT@tables=\count275
\c@LT@chunks=\count276
\LT@p@ftn=\toks23
)
(/Users/mariagallegos/Library/TinyTeX/texmf-dist/tex/latex/booktabs/booktabs.st
y
Package: booktabs 2020/01/12 v1.61803398 Publication quality tables
\heavyrulewidth=\dimen153
\lightrulewidth=\dimen154
\cmidrulewidth=\dimen155
\belowrulesep=\dimen156
\belowbottomsep=\dimen157
\aboverulesep=\dimen158
\abovetopsep=\dimen159
\cmidrulesep=\dimen160
\cmidrulekern=\dimen161
\defaultaddspace=\dimen162
\@cmidla=\count277
\@cmidlb=\count278
\@aboverulesep=\dimen163
\@belowrulesep=\dimen164
\@thisruleclass=\count279
\@lastruleclass=\count280
\@thisrulewidth=\dimen165
) (/Users/mariagallegos/Library/TinyTeX/texmf-dist/tex/latex/tools/array.sty
Package: array 2020/10/01 v2.5c Tabular extension package (FMi)
\col@sep=\dimen166
\ar@mcellbox=\box53
\extrarowheight=\dimen167
\NC@list=\toks24
\extratabsurround=\skip57
\backup@length=\skip58
\ar@cellbox=\box54
) (/Users/mariagallegos/Library/TinyTeX/texmf-dist/tex/latex/tools/calc.sty
Package: calc 2017/05/25 v4.3 Infix arithmetic (KKT,FJ)
\calc@Acount=\count281
\calc@Bcount=\count282
\calc@Adimen=\dimen168
\calc@Bdimen=\dimen169
\calc@Askip=\skip59
\calc@Bskip=\skip60
LaTeX Info: Redefining \setlength on input line 80.
LaTeX Info: Redefining \addtolength on input line 81.
\calc@Ccount=\count283
\calc@Cskip=\skip61
)
(/Users/mariagallegos/Library/TinyTeX/texmf-dist/tex/latex/etoolbox/etoolbox.st
y
Package: etoolbox 2020/10/05 v2.5k e-TeX tools for LaTeX (JAW)
\etb@tempcnta=\count284
)
(/Users/mariagallegos/Library/TinyTeX/texmf-dist/tex/latex/mdwtools/footnote.st
y
Package: footnote 1997/01/28 1.13 Save footnotes around boxes
\fn@notes=\box55
\fn@width=\dimen170
)
(/Users/mariagallegos/Library/TinyTeX/texmf-dist/tex/latex/graphics/graphicx.st
y
Package: graphicx 2020/09/09 v1.2b Enhanced LaTeX Graphics (DPC,SPQR)

(/Users/mariagallegos/Library/TinyTeX/texmf-dist/tex/latex/graphics/graphics.st
y
Package: graphics 2020/08/30 v1.4c Standard LaTeX Graphics (DPC,SPQR)
(/Users/mariagallegos/Library/TinyTeX/texmf-dist/tex/latex/graphics/trig.sty
Package: trig 2016/01/03 v1.10 sin cos tan (DPC)
)
(/Users/mariagallegos/Library/TinyTeX/texmf-dist/tex/latex/graphics-cfg/graphic
s.cfg
File: graphics.cfg 2016/06/04 v1.11 sample graphics configuration
)
Package graphics Info: Driver file: pdftex.def on input line 105.
)
\Gin@req@height=\dimen171
\Gin@req@width=\dimen172
)
(/Users/mariagallegos/Library/TinyTeX/texmf-dist/tex/latex/l3backend/l3backend-
pdftex.def
File: l3backend-pdftex.def 2020-09-24 L3 backend support: PDF output (pdfTeX)
\l__kernel_color_stack_int=\count285
\l__pdf_internal_box=\box56
)
No file _main.aux.
\openout1 = `_main.aux'.

LaTeX Font Info:    Checking defaults for OML/cmm/m/it on input line 79.
LaTeX Font Info:    ... okay on input line 79.
LaTeX Font Info:    Checking defaults for OMS/cmsy/m/n on input line 79.
LaTeX Font Info:    ... okay on input line 79.
LaTeX Font Info:    Checking defaults for OT1/cmr/m/n on input line 79.
LaTeX Font Info:    ... okay on input line 79.
LaTeX Font Info:    Checking defaults for T1/cmr/m/n on input line 79.
LaTeX Font Info:    ... okay on input line 79.
LaTeX Font Info:    Checking defaults for TS1/cmr/m/n on input line 79.
LaTeX Font Info:    ... okay on input line 79.
LaTeX Font Info:    Checking defaults for OMX/cmex/m/n on input line 79.
LaTeX Font Info:    ... okay on input line 79.
LaTeX Font Info:    Checking defaults for U/cmr/m/n on input line 79.
LaTeX Font Info:    ... okay on input line 79.
LaTeX Font Info:    Checking defaults for PD1/pdf/m/n on input line 79.
LaTeX Font Info:    ... okay on input line 79.
LaTeX Font Info:    Checking defaults for PU/pdf/m/n on input line 79.
LaTeX Font Info:    ... okay on input line 79.

(/Users/mariagallegos/Library/TinyTeX/texmf-dist/tex/latex/epstopdf-pkg/epstopd
f-base.sty
Package: epstopdf-base 2020-01-24 v2.11 Base part for package epstopdf
Package epstopdf-base Info: Redefining graphics rule for `.eps' on input line 4
85.

(/Users/mariagallegos/Library/TinyTeX/texmf-dist/tex/latex/latexconfig/epstopdf
-sys.cfg
File: epstopdf-sys.cfg 2010/07/13 v1.3 Configuration of (r)epstopdf for TeX Liv
e
))
Package hyperref Info: Link coloring OFF on input line 79.

(/Users/mariagallegos/Library/TinyTeX/texmf-dist/tex/latex/hyperref/nameref.sty
Package: nameref 2019/09/16 v2.46 Cross-referencing by name of section

(/Users/mariagallegos/Library/TinyTeX/texmf-dist/tex/latex/refcount/refcount.st
y
Package: refcount 2019/12/15 v3.6 Data extraction from label references (HO)
)
(/Users/mariagallegos/Library/TinyTeX/texmf-dist/tex/generic/gettitlestring/get
titlestring.sty
Package: gettitlestring 2019/12/15 v1.6 Cleanup title references (HO)
)
\c@section@level=\count286
)
LaTeX Info: Redefining \ref on input line 79.
LaTeX Info: Redefining \pageref on input line 79.
LaTeX Info: Redefining \nameref on input line 79.
\@outlinefile=\write3
\openout3 = `_main.out'.

LaTeX Font Info:    Trying to load font information for OT1+lmr on input line 8
1.
(/Users/mariagallegos/Library/TinyTeX/texmf-dist/tex/latex/lm/ot1lmr.fd
File: ot1lmr.fd 2009/10/30 v1.6 Font defs for Latin Modern
)
LaTeX Font Info:    Trying to load font information for OML+lmm on input line 8
1.
(/Users/mariagallegos/Library/TinyTeX/texmf-dist/tex/latex/lm/omllmm.fd
File: omllmm.fd 2009/10/30 v1.6 Font defs for Latin Modern
)
LaTeX Font Info:    Trying to load font information for OMS+lmsy on input line 
81.
(/Users/mariagallegos/Library/TinyTeX/texmf-dist/tex/latex/lm/omslmsy.fd
File: omslmsy.fd 2009/10/30 v1.6 Font defs for Latin Modern
)
LaTeX Font Info:    Trying to load font information for OMX+lmex on input line 
81.
(/Users/mariagallegos/Library/TinyTeX/texmf-dist/tex/latex/lm/omxlmex.fd
File: omxlmex.fd 2009/10/30 v1.6 Font defs for Latin Modern
)
LaTeX Font Info:    External font `lmex10' loaded for size
(Font)              <12> on input line 81.
LaTeX Font Info:    External font `lmex10' loaded for size
(Font)              <8> on input line 81.
LaTeX Font Info:    External font `lmex10' loaded for size
(Font)              <6> on input line 81.
LaTeX Font Info:    Trying to load font information for U+msa on input line 81.

(/Users/mariagallegos/Library/TinyTeX/texmf-dist/tex/latex/amsfonts/umsa.fd
File: umsa.fd 2013/01/14 v3.01 AMS symbols A
)
LaTeX Font Info:    Trying to load font information for U+msb on input line 81.

(/Users/mariagallegos/Library/TinyTeX/texmf-dist/tex/latex/amsfonts/umsb.fd
File: umsb.fd 2013/01/14 v3.01 AMS symbols B
) [1


{/Users/mariagallegos/Library/TinyTeX/texmf-var/fonts/map/pdftex/updmap/pdftex.
map}] [2

]
\tf@toc=\write4
\openout4 = `_main.toc'.

[3] [4

]
<static/images/DNA.png, id=28, 3830.31pt x 806.01125pt>
File: static/images/DNA.png Graphic file (type png)
<use static/images/DNA.png>
Package pdftex.def Info: static/images/DNA.png  used on input line 90.
(pdftex.def)             Requested size: 344.94681pt x 72.58707pt.
LaTeX Font Info:    Trying to load font information for TS1+lmr on input line 9
4.
(/Users/mariagallegos/Library/TinyTeX/texmf-dist/tex/latex/lm/ts1lmr.fd
File: ts1lmr.fd 2009/10/30 v1.6 Font defs for Latin Modern
)
LaTeX Font Info:    External font `lmex10' loaded for size
(Font)              <10> on input line 100.
LaTeX Font Info:    External font `lmex10' loaded for size
(Font)              <7> on input line 100.
LaTeX Font Info:    External font `lmex10' loaded for size
(Font)              <5> on input line 100.
[5 <./static/images/DNA.png>] [6] [7] [8

]
Chapter 1.

LaTeX Warning: Reference `fig:geneexpression' on page 9 undefined on input line
 147.

<static/images/gene.png, id=71, 1018.80624pt x 689.57625pt>
File: static/images/gene.png Graphic file (type png)
<use static/images/gene.png>
Package pdftex.def Info: static/images/gene.png  used on input line 151.
(pdftex.def)             Requested size: 258.74281pt x 175.12936pt.

LaTeX Warning: Reference `fig:genomesegment' on page 9 undefined on input line 
163.

<static/images/partofgenome.png, id=74, 1044.90375pt x 514.92375pt>
File: static/images/partofgenome.png Graphic file (type png)
<use static/images/partofgenome.png>
Package pdftex.def Info: static/images/partofgenome.png  used on input line 167
.
(pdftex.def)             Requested size: 344.99469pt x 170.01178pt.

LaTeX Warning: Reference `fig:genome' on page 9 undefined on input line 174.

[9] [10 <./static/images/gene.png> <./static/images/partofgenome.png>]
<static/images/humangenome.png, id=95, 752.8125pt x 475.7775pt>
File: static/images/humangenome.png Graphic file (type png)
<use static/images/humangenome.png>
Package pdftex.def Info: static/images/humangenome.png  used on input line 178.

(pdftex.def)             Requested size: 310.50452pt x 196.23885pt.

LaTeX Warning: Reference `fig:chromatin' on page 11 undefined on input line 185
.

<static/images/interphasechromatin.png, id=96, 899.36pt x 784.9325pt>
File: static/images/interphasechromatin.png Graphic file (type png)
<use static/images/interphasechromatin.png>
Package pdftex.def Info: static/images/interphasechromatin.png  used on input l
ine 189.
(pdftex.def)             Requested size: 310.4991pt x 270.99364pt.
[11 <./static/images/humangenome.png>] [12 <./static/images/interphasechromatin
.png>] [13] [14

]
Chapter 2.
<static/images/browsergateway.png, id=125, 1061.9675pt x 713.66624pt>
File: static/images/browsergateway.png Graphic file (type png)
<use static/images/browsergateway.png>
Package pdftex.def Info: static/images/browsergateway.png  used on input line 2
35.
(pdftex.def)             Requested size: 172.49475pt x 115.92038pt.

LaTeX Warning: Reference `fig:gateway' on page 15 undefined on input line 242.


LaTeX Warning: Reference `fig:gateway' on page 15 undefined on input line 242.


LaTeX Warning: Reference `fig:gateway' on page 15 undefined on input line 242.


LaTeX Warning: Reference `fig:ACE2' on page 15 undefined on input line 244.

[15]
<static/images/ACE2gene.png, id=137, 1053.9375pt x 368.37625pt>
File: static/images/ACE2gene.png Graphic file (type png)
<use static/images/ACE2gene.png>
Package pdftex.def Info: static/images/ACE2gene.png  used on input line 248.
(pdftex.def)             Requested size: 345.00223pt x 120.58649pt.

LaTeX Warning: Reference `fig:ACE2' on page 16 undefined on input line 255.


LaTeX Warning: Reference `fig:ACE2' on page 16 undefined on input line 255.


LaTeX Warning: Reference `fig:BBS1' on page 16 undefined on input line 257.


LaTeX Warning: Reference `fig:BBS1' on page 16 undefined on input line 257.


LaTeX Warning: Reference `fig:BBS1' on page 16 undefined on input line 257.


LaTeX Warning: Reference `fig:BBS1' on page 16 undefined on input line 257.


LaTeX Warning: Reference `fig:BBS1' on page 16 undefined on input line 257.


LaTeX Warning: Reference `fig:BBS1' on page 16 undefined on input line 257.


Overfull \hbox (3.30142pt too wide) has occurred while \output is active
\T1/lmr/m/n/10 16 \T1/lmr/m/sl/10 CHAPTER 2.  AN INTRODUCTION TO THE UCSC GENOM
E BROWSER
 []

[16 <./static/images/browsergateway.png> <./static/images/ACE2gene.png>]
<static/images/BBS1gene.png, id=149, 1068.99374pt x 506.89375pt>
File: static/images/BBS1gene.png Graphic file (type png)
<use static/images/BBS1gene.png>
Package pdftex.def Info: static/images/BBS1gene.png  used on input line 261.
(pdftex.def)             Requested size: 345.00475pt x 163.5938pt.

LaTeX Warning: Reference `fig:BBS1' on page 17 undefined on input line 268.


LaTeX Warning: Reference `fig:BBS1' on page 17 undefined on input line 268.


LaTeX Warning: Reference `fig:BBS1' on page 17 undefined on input line 268.


LaTeX Warning: Reference `fig:BBS1simple' on page 17 undefined on input line 26
8.

[17 <./static/images/BBS1gene.png>]
<static/images/BBS1genesimple.png, id=156, 1067.99pt x 141.52875pt>
File: static/images/BBS1genesimple.png Graphic file (type png)
<use static/images/BBS1genesimple.png>
Package pdftex.def Info: static/images/BBS1genesimple.png  used on input line 2
72.
(pdftex.def)             Requested size: 344.99043pt x 45.71771pt.

LaTeX Warning: Reference `fig:BBS1simple' on page 18 undefined on input line 27
9.


LaTeX Warning: Reference `fig:BBS1simple' on page 18 undefined on input line 27
9.


Overfull \hbox (3.30142pt too wide) has occurred while \output is active
\T1/lmr/m/n/10 18 \T1/lmr/m/sl/10 CHAPTER 2.  AN INTRODUCTION TO THE UCSC GENOM
E BROWSER
 []

[18 <./static/images/BBS1genesimple.png>]

LaTeX Warning: Reference `fig:BBS1simple' on page 19 undefined on input line 28
9.


LaTeX Warning: Reference `fig:BBS1simple' on page 19 undefined on input line 28
9.


LaTeX Warning: Reference `fig:select' on page 19 undefined on input line 293.

<static/images/dragnselect.png, id=168, 519.9425pt x 323.70938pt>
File: static/images/dragnselect.png Graphic file (type png)
<use static/images/dragnselect.png>
Package pdftex.def Info: static/images/dragnselect.png  used on input line 297.

(pdftex.def)             Requested size: 344.99579pt x 214.78984pt.

LaTeX Warning: Reference `fig:zoomtosequence' on page 19 undefined on input lin
e 304.

<static/images/BBS1zoomtosequence.png, id=169, 856.19875pt x 193.72375pt>
File: static/images/BBS1zoomtosequence.png Graphic file (type png)
<use static/images/BBS1zoomtosequence.png>
Package pdftex.def Info: static/images/BBS1zoomtosequence.png  used on input li
ne 308.
(pdftex.def)             Requested size: 172.4909pt x 39.02783pt.
[19]
Overfull \hbox (3.30142pt too wide) has occurred while \output is active
\T1/lmr/m/n/10 20 \T1/lmr/m/sl/10 CHAPTER 2.  AN INTRODUCTION TO THE UCSC GENOM
E BROWSER
 []

[20 <./static/images/dragnselect.png> <./static/images/BBS1zoomtosequence.png>]
[21]
Overfull \hbox (3.30142pt too wide) has occurred while \output is active
\T1/lmr/m/n/10 22 \T1/lmr/m/sl/10 CHAPTER 2.  AN INTRODUCTION TO THE UCSC GENOM
E BROWSER
 []

[22

]
Chapter 3.

LaTeX Warning: Reference `fig:BBS1transcript' on page 23 undefined on input lin
e 350.

<static/images/exonintron.png, id=200, 1737.49126pt x 52.195pt>
File: static/images/exonintron.png Graphic file (type png)
<use static/images/exonintron.png>
Package pdftex.def Info: static/images/exonintron.png  used on input line 354.
(pdftex.def)             Requested size: 344.99997pt x 10.36394pt.
[23]

LaTeX Warning: Reference `fig:zoom' on page 24 undefined on input line 381.

<static/images/10zoom.png, id=214, 1737.49126pt x 112.42pt>
File: static/images/10zoom.png Graphic file (type png)
<use static/images/10zoom.png>
Package pdftex.def Info: static/images/10zoom.png  used on input line 385.
(pdftex.def)             Requested size: 344.99997pt x 22.32234pt.

LaTeX Warning: Reference `fig:altinit' on page 24 undefined on input line 392.


LaTeX Warning: Reference `fig:altter' on page 24 undefined on input line 392.


LaTeX Warning: Reference `fig:zoom' on page 24 undefined on input line 392.

<static/images/altinitiation.png, id=215, 1737.49126pt x 82.3075pt>
File: static/images/altinitiation.png Graphic file (type png)
<use static/images/altinitiation.png>
Package pdftex.def Info: static/images/altinitiation.png  used on input line 39
6.
(pdftex.def)             Requested size: 344.99997pt x 16.34314pt.
<static/images/alttermination.png, id=216, 1737.49126pt x 52.195pt>
File: static/images/alttermination.png Graphic file (type png)
<use static/images/alttermination.png>
Package pdftex.def Info: static/images/alttermination.png  used on input line 4
05.
(pdftex.def)             Requested size: 344.99997pt x 10.36394pt.

LaTeX Warning: Reference `fig:eat' on page 24 undefined on input line 412.

[24 <./static/images/exonintron.png> <./static/images/10zoom.png>]
<static/images/eatgrandma.jpg, id=228, 712.6625pt x 714.67pt>
File: static/images/eatgrandma.jpg Graphic file (type jpg)
<use static/images/eatgrandma.jpg>
Package pdftex.def Info: static/images/eatgrandma.jpg  used on input line 416.
(pdftex.def)             Requested size: 172.49965pt x 172.98557pt.
[25 <./static/images/altinitiation.png> <./static/images/alttermination.png> <.
/static/images/eatgrandma.jpg>]

LaTeX Warning: Reference `fig:topstrand' on page 26 undefined on input line 447
.


LaTeX Warning: Reference `fig:topstrand' on page 26 undefined on input line 449
.

<static/images/topstrandexon1.png, id=246, 1454.43375pt x 51.19125pt>
File: static/images/topstrandexon1.png Graphic file (type png)
<use static/images/topstrandexon1.png>
Package pdftex.def Info: static/images/topstrandexon1.png  used on input line 4
53.
(pdftex.def)             Requested size: 344.98775pt x 12.14241pt.

LaTeX Warning: Reference `fig:topstrand' on page 26 undefined on input line 460
.

[26]

LaTeX Warning: Reference `fig:lastexon' on page 27 undefined on input line 475.


<static/images/lastcodingexon.png, id=259, 1737.49126pt x 61.22874pt>
File: static/images/lastcodingexon.png Graphic file (type png)
<use static/images/lastcodingexon.png>
Package pdftex.def Info: static/images/lastcodingexon.png  used on input line 4
79.
(pdftex.def)             Requested size: 344.99997pt x 12.1577pt.

LaTeX Warning: Reference `fig:geneticcode' on page 27 undefined on input line 4
89.


Underfull \vbox (badness 1087) has occurred while \output is active []

[27 <./static/images/topstrandexon1.png> <./static/images/lastcodingexon.png>]
<static/images/circulargeneticcode.png, id=272, 1038.88126pt x 1027.84pt>
File: static/images/circulargeneticcode.png Graphic file (type png)
<use static/images/circulargeneticcode.png>
Package pdftex.def Info: static/images/circulargeneticcode.png  used on input l
ine 493.
(pdftex.def)             Requested size: 258.73685pt x 255.98698pt.
! Missing $ inserted.
<inserted text> 
                $
l.497 ...edia.org/wiki/File:Aminoacids_table.svg)}
                                                  \label{fig:geneticcode} 
Here is how much of TeX's memory you used:
 10819 strings out of 481865
 156643 string characters out of 5930177
 431264 words of memory out of 5000000
 26839 multiletter control sequences out of 15000+600000
 613295 words of font info for 78 fonts, out of 8000000 for 9000
 14 hyphenation exceptions out of 8191
 66i,8n,72p,1702b,411s stack positions out of 5000i,500n,10000p,200000b,80000s

!  ==> Fatal error occurred, no output PDF file produced!
